[0m23:56:47.432073 [debug] [MainThread]: Sending event: {'category': 'dbt', 'action': 'invocation', 'label': 'start', 'context': [<snowplow_tracker.self_describing_json.SelfDescribingJson object at 0x000001B5FB8C7CB0>, <snowplow_tracker.self_describing_json.SelfDescribingJson object at 0x000001B5F86B4F50>, <snowplow_tracker.self_describing_json.SelfDescribingJson object at 0x000001B5FDECBD90>]}


============================== 23:56:47.442422 | 52ca5b46-9800-48cd-9908-9f10d8ac4b1d ==============================
[0m23:56:47.442422 [info ] [MainThread]: Running with dbt=1.12.5
[0m23:56:47.444019 [debug] [MainThread]: running dbt with arguments {'version_check': 'True', 'no_print': 'None', 'static_parser': 'True', 'target_path': 'None', 'warn_error_options': 'WarnErrorOptionsV2(error=[], warn=[], silence=[])', 'maximum_seed_size_mib': '1', 'printer_width': '80', 'write_json': 'True', 'introspect': 'True', 'log_cache_events': 'False', 'empty': 'None', 'cache_selected_only': 'False', 'log_format': 'default', 'debug': 'False', 'fail_fast': 'False', 'partial_parse': 'True', 'send_anonymous_usage_stats': 'True', 'quiet': 'False', 'warn_error': 'None', 'profiles_dir': 'C:\\Users\\jps25\\.dbt', 'use_colors': 'True', 'hints_enabled': 'True', 'indirect_selection': 'eager', 'use_experimental_parser': 'False', 'invocation_command': 'dbt init streaming_platform_data_pipeline', 'log_path': 'logs'}
[0m23:56:47.514484 [debug] [MainThread]: Starter project path: C:\Users\jps25\AppData\Local\Programs\Python\Python313\Lib\site-packages\dbt\include\starter_project
[0m23:56:47.567959 [info ] [MainThread]: Setting up your profile.
[0m23:57:05.280097 [debug] [MainThread]: Snowflake adapter: Setting snowflake.connector to ERROR (file logging only)
[0m23:57:05.280782 [debug] [MainThread]: Snowflake adapter: Setting botocore to ERROR (file logging only)
[0m23:57:05.281176 [debug] [MainThread]: Snowflake adapter: Setting boto3 to ERROR (file logging only)
[0m23:59:22.192204 [info ] [MainThread]: Profile streaming_platform_data_pipeline written to C:\Users\jps25\.dbt\profiles.yml using target's profile_template.yml and your supplied values.
[0m23:59:22.197194 [info ] [MainThread]: Running dbt debug to validate the project...
[0m23:59:22.199952 [info ] [MainThread]: dbt version: 1.12.5
[0m23:59:22.200762 [info ] [MainThread]: python version: 3.13.2
[0m23:59:22.201309 [info ] [MainThread]: python path: C:\Users\jps25\AppData\Local\Programs\Python\Python313\python.exe
[0m23:59:22.201781 [info ] [MainThread]: os info: Windows-11-10.0.26200-SP0
[0m23:59:22.312849 [info ] [MainThread]: Using profiles dir at C:\Users\jps25\.dbt
[0m23:59:22.313377 [info ] [MainThread]: Using profiles.yml file at C:\Users\jps25\.dbt\profiles.yml
[0m23:59:22.313989 [info ] [MainThread]: Using dbt_project.yml file at C:\Users\jps25\OneDrive\Desktop\Documents\Data Engineering projects\streaming-platform-dbt\streaming_platform_data_pipeline\dbt_project.yml
[0m23:59:22.315169 [info ] [MainThread]: adapter type: snowflake
[0m23:59:22.315612 [info ] [MainThread]: adapter version: 1.12.1
[0m23:59:22.464712 [info ] [MainThread]: Configuration:
[0m23:59:22.465233 [info ] [MainThread]:   profiles.yml file [[32mOK found and valid[0m]
[0m23:59:22.465652 [info ] [MainThread]:   dbt_project.yml file [[32mOK found and valid[0m]
[0m23:59:22.466031 [info ] [MainThread]: Required dependencies:
[0m23:59:22.466427 [debug] [MainThread]: Executing "git --help"
[0m23:59:22.516944 [debug] [MainThread]: STDOUT: "b"usage: git [-v | --version] [-h | --help] [-C <path>] [-c <name>=<value>]\n           [--exec-path[=<path>]] [--html-path] [--man-path] [--info-path]\n           [-p | --paginate | -P | --no-pager] [--no-replace-objects] [--no-lazy-fetch]\n           [--no-optional-locks] [--no-advice] [--bare] [--git-dir=<path>]\n           [--work-tree=<path>] [--namespace=<name>] [--config-env=<name>=<envvar>]\n           <command> [<args>]\n\nThese are common Git commands used in various situations:\n\nstart a working area (see also: git help tutorial)\n   clone      Clone a repository into a new directory\n   init       Create an empty Git repository or reinitialize an existing one\n\nwork on the current change (see also: git help everyday)\n   add        Add file contents to the index\n   mv         Move or rename a file, a directory, or a symlink\n   restore    Restore working tree files\n   rm         Remove files from the working tree and from the index\n\nexamine the history and state (see also: git help revisions)\n   bisect     Use binary search to find the commit that introduced a bug\n   diff       Show changes between commits, commit and working tree, etc\n   grep       Print lines matching a pattern\n   log        Show commit logs\n   show       Show various types of objects\n   status     Show the working tree status\n\ngrow, mark and tweak your common history\n   backfill   Download missing objects in a partial clone\n   branch     List, create, or delete branches\n   commit     Record changes to the repository\n   merge      Join two or more development histories together\n   rebase     Reapply commits on top of another base tip\n   reset      Set `HEAD` or the index to a known state\n   switch     Switch branches\n   tag        Create, list, delete or verify tags\n\ncollaborate (see also: git help workflows)\n   fetch      Download objects and refs from another repository\n   pull       Fetch from and integrate with another repository or a local branch\n   push       Update remote refs along with associated objects\n\n'git help -a' and 'git help -g' list available subcommands and some\nconcept guides. See 'git help <command>' or 'git help <concept>'\nto read about a specific subcommand or concept.\nSee 'git help git' for an overview of the system.\n""
[0m23:59:22.517555 [debug] [MainThread]: STDERR: "b''"
[0m23:59:22.518072 [info ] [MainThread]:  - git [[32mOK found[0m]

[0m23:59:22.518631 [info ] [MainThread]: Connection:
[0m23:59:22.519117 [info ] [MainThread]:   account: TEQLYHW-EZ31710
[0m23:59:22.519560 [info ] [MainThread]:   user: dbt
[0m23:59:22.519963 [info ] [MainThread]:   database: MOVIELENS
[0m23:59:22.520357 [info ] [MainThread]:   warehouse: MOVIELENS_WH
[0m23:59:22.520758 [info ] [MainThread]:   role: MOVIELENS_ROLE
[0m23:59:22.521114 [info ] [MainThread]:   schema: RAW
[0m23:59:22.521529 [info ] [MainThread]:   authenticator: None
[0m23:59:22.521929 [info ] [MainThread]:   oauth_client_id: None
[0m23:59:22.522320 [info ] [MainThread]:   query_tag: None
[0m23:59:22.522694 [info ] [MainThread]:   client_session_keep_alive: False
[0m23:59:22.523103 [info ] [MainThread]:   host: None
[0m23:59:22.523686 [info ] [MainThread]:   port: None
[0m23:59:22.524188 [info ] [MainThread]:   proxy_host: None
[0m23:59:22.524701 [info ] [MainThread]:   proxy_port: None
[0m23:59:22.525335 [info ] [MainThread]:   protocol: None
[0m23:59:22.525872 [info ] [MainThread]:   connect_retries: 1
[0m23:59:22.526444 [info ] [MainThread]:   connect_timeout: None
[0m23:59:22.526950 [info ] [MainThread]:   retry_on_database_errors: False
[0m23:59:22.527599 [info ] [MainThread]:   retry_all: False
[0m23:59:22.528237 [info ] [MainThread]:   insecure_mode: False
[0m23:59:22.529092 [info ] [MainThread]:   reuse_connections: True
[0m23:59:22.529905 [info ] [MainThread]:   s3_stage_vpce_dns_name: None
[0m23:59:22.530543 [info ] [MainThread]:   workload_identity_provider: None
[0m23:59:22.530996 [info ] [MainThread]:   workload_identity_entra_resource: None
[0m23:59:22.531413 [info ] [MainThread]:   platform_detection_timeout_seconds: 0.0
[0m23:59:22.532052 [info ] [MainThread]: Registered adapter: snowflake=1.12.1
[0m23:59:23.262421 [debug] [MainThread]: Acquiring new snowflake connection 'debug'
[0m23:59:23.265563 [debug] [MainThread]: Using snowflake connection "debug"
[0m23:59:23.265925 [debug] [MainThread]: On debug: select 1 as id
[0m23:59:23.266218 [debug] [MainThread]: Opening a new connection, currently in state init
[0m23:59:24.533798 [debug] [MainThread]: SQL status: SUCCESS 1 in 1.267 seconds
[0m23:59:24.536529 [info ] [MainThread]:   Connection test: [[32mOK connection ok[0m]

[0m23:59:24.537805 [info ] [MainThread]: [32mAll checks passed![0m
[0m23:59:24.538809 [info ] [MainThread]: Your new dbt project "streaming_platform_data_pipeline" was created!
Initialized new project in C:\Users\jps25\OneDrive\Desktop\Documents\Data Engineering projects\streaming-platform-dbt\streaming_platform_data_pipeline\streaming_platform_data_pipeline

For more information on how to configure the profiles.yml file,
please consult the dbt documentation here:

  https://docs.getdbt.com/docs/configure-your-profile

One more thing:

Need help? Don't hesitate to reach out to us via GitHub issues or on Slack:

  https://community.getdbt.com/

Happy modeling!

[0m23:59:24.542335 [debug] [MainThread]: Command `dbt init` succeeded at 23:59:24.541812 after 157.65 seconds
[0m23:59:24.543532 [debug] [MainThread]: Connection 'debug' was left open.
[0m23:59:24.544386 [debug] [MainThread]: On debug: Close
[0m23:59:24.770301 [debug] [MainThread]: Sending event: {'category': 'dbt', 'action': 'invocation', 'label': 'end', 'context': [<snowplow_tracker.self_describing_json.SelfDescribingJson object at 0x000001B591171CD0>, <snowplow_tracker.self_describing_json.SelfDescribingJson object at 0x000001B5FDDBA7B0>, <snowplow_tracker.self_describing_json.SelfDescribingJson object at 0x000001B5FDF0C8D0>]}
[0m23:59:24.772476 [debug] [MainThread]: Flushing usage events
[0m23:59:26.149160 [debug] [MainThread]: An error was encountered while trying to flush usage events
